Microchip MPLAB XC8 Compiler V1.41 ()

Linker command line:

-W-3 --edf=C:\Program Files (x86)\Microchip\xc8\v1.41\dat\en_msgs.txt -cs \
  -h+dist/default/production\JYRO.X.production.sym \
  --cmf=dist/default/production\JYRO.X.production.cmf -z -Q18F4520 \
  -oC:\Users\”~‘º¶~1\AppData\Local\Temp\saag.2 \
  -Mdist/default/production/JYRO.X.production.map -E1 -ver=XC8 \
  -ASTACK=0A1h-05ffh -pstack=STACK -ACODE=00h-07FFFh -ACONST=00h-07FFFh \
  -ASMALLCONST=0600h-06FFhx122 -AMEDIUMCONST=0600h-07FFFh -ACOMRAM=01h-07Fh \
  -AABS1=00h-05FFh -ABIGRAM=01h-05FFh -ARAM=080h-0FFh,0100h-01FFhx5 \
  -ABANK0=080h-0FFh -ABANK1=0100h-01FFh -ABANK2=0200h-02FFh \
  -ABANK3=0300h-03FFh -ABANK4=0400h-04FFh -ABANK5=0500h-05FFh \
  -ASFR=0F80h-0FFFh -preset_vec=00h,intcode=08h,intcodelo,powerup,init \
  -pramtop=0600h -psmallconst=SMALLCONST -pmediumconst=MEDIUMCONST \
  -pconst=CONST -AFARRAM=00h-00h -ACONFIG=0300000h-030000Dh -pconfig=CONFIG \
  -AIDLOC=0200000h-0200007h -pidloc=IDLOC -AEEDATA=0F00000h-0F000FFh \
  -peeprom_data=EEDATA \
  -prdata=COMRAM,nvrram=COMRAM,nvbit=COMRAM,rbss=COMRAM,rbit=COMRAM \
  -pfarbss=FARRAM,fardata=FARRAM,nvFARRAM=FARRAM \
  -pintsave_regs=BIGRAM,bigbss=BIGRAM,bigdata=BIGRAM -pbss=RAM \
  -pidata=CODE,irdata=CODE,ibigdata=CODE,ifardata=CODE -prparam=COMRAM \
  C:\Users\”~‘º¶~1\AppData\Local\Temp\saag.obj \
  dist/default/production\JYRO.X.production.obj 

Object code version is 3.11

Machine type is 18F4520

Call graph: (short form)




                Name                               Link     Load   Length Selector   Space Scale
C:\Users\”~‘º¶~1\AppData\Local\Temp\saag.obj
                init                                  E        E        4        4       0
                reset_vec                             0        0        4        0       0
                idloc                            200000   200000        8   200000       0
                config                           300000   300000        E   300000       0
dist/default/production\JYRO.X.production.obj
                intcode                               8        8        6        4       0
                temp                                 5A       5A        1        1       1
                intcode_body                        D94      D94       92        4       0
                text23                              EB6      EB6       84        4       0
                text22                              CE6      CE6       AE        4       0
                text21                             1192     1192       38        4       0
                text20                              B42      B42       E6        4       0
                text19                              E26      E26       90        4       0
                text18                             1222     1222       24        4       0
                text17                              570      570      1AC        4       0
                text16                             1152     1152       40        4       0
                text15                              A4E      A4E       F4        4       0
                text14                             11FC     11FC       26        4       0
                text13                             101E     101E       5C        4       0
                text12                              71C      71C      134        4       0
                text11                              850      850      10A        4       0
                text10                              C28      C28       BE        4       0
                text9                              1258     1258       10        4       0
                text8                               FB2      FB2       6C        4       0
                text7                              107A     107A       52        4       0
                text6                              10CC     10CC       46        4       0
                text5                              1246     1246       12        4       0
                text4                              1268     1268        C        4       0
                text3                               F3A      F3A       78        4       0
                text2                               95A      95A       F4        4       0
                text1                              1112     1112       40        4       0
                text0                                12       12      55E        4       0
                cstackCOMRAM                          1        1       45        1       1
                cstackBANK0                          80       80       21       80       1
                dataCOMRAM                           58       58        2        1       1
                bssCOMRAM                            46       46       12        1       1
                cinit                              11CA     11CA       32        4       0
                idataCOMRAM                        1274     1274        2        4       0

TOTAL           Name                               Link     Load   Length     Space
        CLASS   STACK          

        CLASS   CODE           
                intcode                               8        8        6         0
                init                                  E        E        4         0
                reset_vec                             0        0        4         0
                intcode_body                        D94      D94       92         0
                text23                              EB6      EB6       84         0
                text22                              CE6      CE6       AE         0
                text21                             1192     1192       38         0
                text20                              B42      B42       E6         0
                text19                              E26      E26       90         0
                text18                             1222     1222       24         0
                text17                              570      570      1AC         0
                text16                             1152     1152       40         0
                text15                              A4E      A4E       F4         0
                text14                             11FC     11FC       26         0
                text13                             101E     101E       5C         0
                text12                              71C      71C      134         0
                text11                              850      850      10A         0
                text10                              C28      C28       BE         0
                text9                              1258     1258       10         0
                text8                               FB2      FB2       6C         0
                text7                              107A     107A       52         0
                text6                              10CC     10CC       46         0
                text5                              1246     1246       12         0
                text4                              1268     1268        C         0
                text3                               F3A      F3A       78         0
                text2                               95A      95A       F4         0
                text1                              1112     1112       40         0
                text0                                12       12      55E         0
                cinit                              11CA     11CA       32         0
                idataCOMRAM                        1274     1274        2         0

        CLASS   CONST          

        CLASS   SMALLCONST     

        CLASS   MEDIUMCONST    

        CLASS   COMRAM         
                temp                                 5A       5A        1         1
                cstackCOMRAM                          1        1       45         1
                dataCOMRAM                           58       58        2         1
                bssCOMRAM                            46       46       12         1

        CLASS   ABS1           

        CLASS   BIGRAM         

        CLASS   RAM            

        CLASS   BANK0          
                cstackBANK0                          80       80       21         1

        CLASS   BANK1          

        CLASS   BANK2          

        CLASS   BANK3          

        CLASS   BANK4          

        CLASS   BANK5          

        CLASS   SFR            

        CLASS   FARRAM         

        CLASS   CONFIG         
                config                           300000   300000        E         0

        CLASS   IDLOC          
                idloc                            200000   200000        8         0

        CLASS   EEDATA         



SEGMENTS        Name                           Load    Length   Top    Selector   Space  Class

                reset_vec                      000000  000004  000004         0       0  CODE    
                cstackCOMRAM                   000001  00005A  00005B         1       1  COMRAM  
                intcode                        000008  00126E  001276         4       0  CODE    
                cstackBANK0                    000080  000021  0000A1        80       1  BANK0   
                idloc                          200000  000008  200008    200000       0  IDLOC   
                config                         300000  00000E  30000E    300000       0  CONFIG  


UNUSED ADDRESS RANGES

        Name                Unused          Largest block    Delta
        BANK0            0000A1-0000FF               5F
        BANK1            000100-0001FF              100
        BANK2            000200-0002FF              100
        BANK3            000300-0003FF              100
        BANK4            000400-0004FF              100
        BANK5            000500-0005FF              100
        BIGRAM           00005B-00007F               25
                         0000A1-0005FF              55F
        CODE             000004-000007                4
                         001276-007FFF             6D8A
        COMRAM           00005B-00007F               25
        CONST            000004-000007                4
                         001276-007FFF             6D8A
        EEDATA           F00000-F000FF              100
        MEDIUMCONST      001276-007FFF             6D8A
        RAM              0000A1-0005FF              100
        SFR              000F80-000FFF               80
        SMALLCONST       001276-007FFF              100
        STACK            0000A1-0005FF              55F

                                  Symbol Table

?___altoft               cstackCOMRAM 000017
?___awdiv                cstackCOMRAM 00001E
?___awtoft               cstackCOMRAM 000017
?___ftadd                cstackCOMRAM 00001A
?___ftdiv                cstackCOMRAM 000035
?___ftmul                cstackCOMRAM 000026
?___ftneg                cstackCOMRAM 000017
?___ftpack               cstackCOMRAM 00000F
?___ftsub                cstackCOMRAM 000026
?___fttol                cstackCOMRAM 00000F
?___wmul                 cstackCOMRAM 00000F
Timeout@a                cstackCOMRAM 00000F
_INTCON2bits             (abs)        000FF1
_INTCONbits              (abs)        000FF2
_LATA                    (abs)        000F89
_LATB                    (abs)        000F8A
_LATBbits                (abs)        000F8A
_LATC                    (abs)        000F8B
_LATD                    (abs)        000F8C
_LATE                    (abs)        000F8D
_PIR1bits                (abs)        000F9E
_RCONbits                (abs)        000FD0
_RCSTA                   (abs)        000FAB
_SPBRG                   (abs)        000FAF
_SSPADD                  (abs)        000FC8
_SSPBUF                  (abs)        000FC9
_SSPCON1                 (abs)        000FC6
_SSPCON2                 (abs)        000FC5
_SSPCON2bits             (abs)        000FC5
_SSPSTAT                 (abs)        000FC7
_SSPSTATbits             (abs)        000FC7
_T0CON                   (abs)        000FD5
_TMR0H                   (abs)        000FD7
_TMR0L                   (abs)        000FD6
_TRISA                   (abs)        000F92
_TRISB                   (abs)        000F93
_TRISC                   (abs)        000F94
_TRISCbits               (abs)        000F94
_TRISD                   (abs)        000F95
_TRISE                   (abs)        000F96
_TXREG                   (abs)        000FAD
_TXSTA                   (abs)        000FAC
_TXSTAbits               (abs)        000FAC
_Timeout                 text13       00101E
_Timer0                  intcode      000008
__CFG_BOREN$OFF          (abs)        000000
__CFG_BORV$0             (abs)        000000
__CFG_CCP2MX$PORTBE      (abs)        000000
__CFG_CP0$OFF            (abs)        000000
__CFG_CP1$OFF            (abs)        000000
__CFG_CP2$OFF            (abs)        000000
__CFG_CP3$OFF            (abs)        000000
__CFG_CPB$OFF            (abs)        000000
__CFG_CPD$OFF            (abs)        000000
__CFG_EBTR0$OFF          (abs)        000000
__CFG_EBTR1$OFF          (abs)        000000
__CFG_EBTR2$OFF          (abs)        000000
__CFG_EBTR3$OFF          (abs)        000000
__CFG_EBTRB$OFF          (abs)        000000
__CFG_FCMEN$OFF          (abs)        000000
__CFG_IESO$OFF           (abs)        000000
__CFG_LPT1OSC$OFF        (abs)        000000
__CFG_LVP$OFF            (abs)        000000
__CFG_MCLRE$ON           (abs)        000000
__CFG_OSC$HSPLL          (abs)        000000
__CFG_PBADEN$OFF         (abs)        000000
__CFG_PWRT$ON            (abs)        000000
__CFG_STVREN$OFF         (abs)        000000
__CFG_WDT$OFF            (abs)        000000
__CFG_WDTPS$1            (abs)        000000
__CFG_WRT0$OFF           (abs)        000000
__CFG_WRT1$OFF           (abs)        000000
__CFG_WRT2$OFF           (abs)        000000
__CFG_WRT3$OFF           (abs)        000000
__CFG_WRTB$OFF           (abs)        000000
__CFG_WRTC$OFF           (abs)        000000
__CFG_WRTD$OFF           (abs)        000000
__CFG_XINST$OFF          (abs)        000000
__HRAM                   (abs)        000000
__Habs1                  abs1         000000
__Hbank0                 bank0        000000
__Hbank1                 bank1        000000
__Hbank2                 bank2        000000
__Hbank3                 bank3        000000
__Hbank4                 bank4        000000
__Hbank5                 bank5        000000
__Hbigbss                bigbss       000000
__Hbigdata               bigdata      000000
__Hbigram                bigram       000000
__Hbss                   bss          000000
__HbssCOMRAM             bssCOMRAM    000000
__Hcinit                 cinit        000000
__Hclrtext               clrtext      000000
__Hcomram                comram       000000
__Hconfig                config       30000E
__Hconst                 const        000000
__HcstackBANK0           cstackBANK0  000000
__HcstackCOMRAM          cstackCOMRAM 000000
__Hdata                  data         000000
__HdataCOMRAM            dataCOMRAM   000000
__Heeprom_data           eeprom_data  000000
__Hfarbss                farbss       000000
__Hfardata               fardata      000000
__Hibigdata              ibigdata     000000
__Hidata                 idata        000000
__HidataCOMRAM           idataCOMRAM  000000
__Hidloc                 idloc        200008
__Hifardata              ifardata     000000
__Hinit                  init         000012
__Hintcode               intcode      00000E
__Hintcode_body          intcode_body 000000
__Hintcodelo             intcodelo    00000E
__Hintentry              intentry     000000
__Hintret                intret       000000
__Hintsave_regs          intsave_regs 000000
__Hirdata                irdata       000000
__Hmediumconst           mediumconst  000000
__HnvFARRAM              nvFARRAM     000000
__Hnvbit                 nvbit        000000
__Hnvrram                nvrram       000000
__Hparam                 rparam       000000
__Hpowerup               powerup      00000E
__Hram                   ram          000000
__Hramtop                ramtop       000600
__Hrbit                  rbit         000000
__Hrbss                  rbss         000000
__Hrdata                 rdata        000000
__Hreset_vec             reset_vec    000004
__Hrparam                rparam       000000
__Hsfr                   sfr          000000
__Hsmallconst            smallconst   000000
__Hspace_0               (abs)        30000E
__Hspace_1               (abs)        0000A1
__Hspace_2               (abs)        000000
__Hstack                 stack        000000
__Hstruct                struct       000000
__Htemp                  temp         00005B
__Htext                  text         000000
__Htext0                 text0        000000
__Htext1                 text1        000000
__Htext10                text10       000000
__Htext11                text11       000000
__Htext12                text12       000000
__Htext13                text13       000000
__Htext14                text14       000000
__Htext15                text15       000000
__Htext16                text16       000000
__Htext17                text17       000000
__Htext18                text18       000000
__Htext19                text19       000000
__Htext2                 text2        000000
__Htext20                text20       000000
__Htext21                text21       000000
__Htext22                text22       000000
__Htext23                text23       000000
__Htext3                 text3        000000
__Htext4                 text4        000000
__Htext5                 text5        000000
__Htext6                 text6        000000
__Htext7                 text7        000000
__Htext8                 text8        000000
__Htext9                 text9        000000
__LRAM                   (abs)        000001
__Labs1                  abs1         000000
__Lbank0                 bank0        000000
__Lbank1                 bank1        000000
__Lbank2                 bank2        000000
__Lbank3                 bank3        000000
__Lbank4                 bank4        000000
__Lbank5                 bank5        000000
__Lbigbss                bigbss       000000
__Lbigdata               bigdata      000000
__Lbigram                bigram       000000
__Lbss                   bss          000000
__LbssCOMRAM             bssCOMRAM    000000
__Lcinit                 cinit        000000
__Lclrtext               clrtext      000000
__Lcomram                comram       000000
__Lconfig                config       300000
__Lconst                 const        000000
__LcstackBANK0           cstackBANK0  000000
__LcstackCOMRAM          cstackCOMRAM 000000
__Ldata                  data         000000
__LdataCOMRAM            dataCOMRAM   000000
__Leeprom_data           eeprom_data  000000
__Lfarbss                farbss       000000
__Lfardata               fardata      000000
__Libigdata              ibigdata     000000
__Lidata                 idata        000000
__LidataCOMRAM           idataCOMRAM  000000
__Lidloc                 idloc        200000
__Lifardata              ifardata     000000
__Linit                  init         00000E
__Lintcode               intcode      000008
__Lintcode_body          intcode_body 000000
__Lintcodelo             intcodelo    00000E
__Lintentry              intentry     000000
__Lintret                intret       000000
__Lintsave_regs          intsave_regs 000000
__Lirdata                irdata       000000
__Lmediumconst           mediumconst  000000
__LnvFARRAM              nvFARRAM     000000
__Lnvbit                 nvbit        000000
__Lnvrram                nvrram       000000
__Lparam                 rparam       000000
__Lpowerup               powerup      00000E
__Lram                   ram          000000
__Lramtop                ramtop       000600
__Lrbit                  rbit         000000
__Lrbss                  rbss         000000
__Lrdata                 rdata        000000
__Lreset_vec             reset_vec    000000
__Lrparam                rparam       000000
__Lsfr                   sfr          000000
__Lsmallconst            smallconst   000000
__Lspace_0               (abs)        000000
__Lspace_1               (abs)        000000
__Lspace_2               (abs)        000000
__Lstack                 stack        000000
__Lstruct                struct       000000
__Ltemp                  temp         00005A
__Ltext                  text         000000
__Ltext0                 text0        000000
__Ltext1                 text1        000000
__Ltext10                text10       000000
__Ltext11                text11       000000
__Ltext12                text12       000000
__Ltext13                text13       000000
__Ltext14                text14       000000
__Ltext15                text15       000000
__Ltext16                text16       000000
__Ltext17                text17       000000
__Ltext18                text18       000000
__Ltext19                text19       000000
__Ltext2                 text2        000000
__Ltext20                text20       000000
__Ltext21                text21       000000
__Ltext22                text22       000000
__Ltext23                text23       000000
__Ltext3                 text3        000000
__Ltext4                 text4        000000
__Ltext5                 text5        000000
__Ltext6                 text6        000000
__Ltext7                 text7        000000
__Ltext8                 text8        000000
__Ltext9                 text9        000000
__S0                     (abs)        30000E
__S1                     (abs)        0000A1
__S2                     (abs)        000000
___altoft                text3        000F3A
___altoft@c              cstackCOMRAM 000017
___altoft@exp            cstackCOMRAM 00001F
___altoft@sign           cstackCOMRAM 000020
___awdiv                 text23       000EB6
___awdiv@counter         cstackCOMRAM 000022
___awdiv@dividend        cstackCOMRAM 00001E
___awdiv@divisor         cstackCOMRAM 000020
___awdiv@quotient        cstackCOMRAM 000024
___awdiv@sign            cstackCOMRAM 000023
___awtoft                text21       001192
___awtoft@c              cstackCOMRAM 000017
___awtoft@sign           cstackCOMRAM 00001A
___ftadd                 text17       000570
___ftadd@exp1            cstackCOMRAM 000025
___ftadd@exp2            cstackCOMRAM 000024
___ftadd@f1              cstackCOMRAM 00001A
___ftadd@f2              cstackCOMRAM 00001D
___ftadd@sign            cstackCOMRAM 000023
___ftdiv                 text20       000B42
___ftdiv@cntr            cstackCOMRAM 00003E
___ftdiv@exp             cstackCOMRAM 000042
___ftdiv@f1              cstackCOMRAM 000035
___ftdiv@f2              cstackCOMRAM 000038
___ftdiv@f3              cstackCOMRAM 00003F
___ftdiv@sign            cstackCOMRAM 000043
___ftge                  text19       000E26
___ftge@ff1              cstackCOMRAM 000026
___ftge@ff2              cstackCOMRAM 000029
___ftmul                 text2        00095A
___ftmul@cntr            cstackCOMRAM 000033
___ftmul@exp             cstackCOMRAM 00002F
___ftmul@f1              cstackCOMRAM 000026
___ftmul@f2              cstackCOMRAM 000029
___ftmul@f3_as_product   cstackCOMRAM 000030
___ftmul@sign            cstackCOMRAM 000034
___ftneg                 text18       001222
___ftneg@f1              cstackCOMRAM 000017
___ftpack                text22       000CE6
___ftpack@arg            cstackCOMRAM 00000F
___ftpack@exp            cstackCOMRAM 000012
___ftpack@sign           cstackCOMRAM 000013
___ftsub                 text16       001152
___ftsub@f1              cstackCOMRAM 000026
___ftsub@f2              cstackCOMRAM 000029
___fttol                 text15       000A4E
___fttol@exp1            cstackCOMRAM 00001D
___fttol@f1              cstackCOMRAM 00000F
___fttol@lval            cstackCOMRAM 000019
___fttol@sign1           cstackCOMRAM 000018
___inthi_sp              stack        000000
___intlo_sp              stack        000000
___param_bank            (abs)        000000
___rparam_used           (abs)        000001
___sp                    stack        000000
___wmul                  text14       0011FC
___wmul@multiplicand     cstackCOMRAM 000011
___wmul@multiplier       cstackCOMRAM 00000F
___wmul@product          cstackCOMRAM 000013
__accesstop              (abs)        000080
__activetblptr           (abs)        000002
__end_of_Timeout         text13       00107A
__end_of_Timer0          intcode_body 000E26
__end_of___altoft        text3        000FB2
__end_of___awdiv         text23       000F3A
__end_of___awtoft        text21       0011CA
__end_of___ftadd         text17       00071C
__end_of___ftdiv         text20       000C28
__end_of___ftge          text19       000EB6
__end_of___ftmul         text2        000A4E
__end_of___ftneg         text18       001246
__end_of___ftpack        text22       000D94
__end_of___ftsub         text16       001192
__end_of___fttol         text15       000B42
__end_of___wmul          text14       001222
__end_of__initialization cinit        0011EE
__end_of_i2c_read        text12       000850
__end_of_i2c_write       text11       00095A
__end_of_init            text8        00101E
__end_of_main            text0        000570
__end_of_serial_baud     text10       000CE6
__end_of_serial_init     text9        001268
__end_of_serial_write    text6        001112
__end_of_timeout         text7        0010CC
__end_of_timer_reset     text5        001258
__end_of_timer_start     text4        001274
__end_of_timer_stop      text1        001152
__initialization         cinit        0011CA
__mediumconst            mediumconst  000000
__pbssCOMRAM             bssCOMRAM    000046
__pcinit                 cinit        0011CA
__pcstackBANK0           cstackBANK0  000080
__pcstackCOMRAM          cstackCOMRAM 000001
__pdataCOMRAM            dataCOMRAM   000058
__pidataCOMRAM           idataCOMRAM  001274
__pintcode               intcode      000008
__pintcode_body          intcode_body 000D94
__ptext0                 text0        000012
__ptext1                 text1        001112
__ptext10                text10       000C28
__ptext11                text11       000850
__ptext12                text12       00071C
__ptext13                text13       00101E
__ptext14                text14       0011FC
__ptext15                text15       000A4E
__ptext16                text16       001152
__ptext17                text17       000570
__ptext18                text18       001222
__ptext19                text19       000E26
__ptext2                 text2        00095A
__ptext20                text20       000B42
__ptext21                text21       001192
__ptext22                text22       000CE6
__ptext23                text23       000EB6
__ptext3                 text3        000F3A
__ptext4                 text4        001268
__ptext5                 text5        001246
__ptext6                 text6        0010CC
__ptext7                 text7        00107A
__ptext8                 text8        000FB2
__ptext9                 text9        001258
__ramtop                 ramtop       000600
__size_of_Timeout        (abs)        000000
__size_of_Timer0         (abs)        000000
__size_of___altoft       (abs)        000000
__size_of___awdiv        (abs)        000000
__size_of___awtoft       (abs)        000000
__size_of___ftadd        (abs)        000000
__size_of___ftdiv        (abs)        000000
__size_of___ftge         (abs)        000000
__size_of___ftmul        (abs)        000000
__size_of___ftneg        (abs)        000000
__size_of___ftpack       (abs)        000000
__size_of___ftsub        (abs)        000000
__size_of___fttol        (abs)        000000
__size_of___wmul         (abs)        000000
__size_of_i2c_read       (abs)        000000
__size_of_i2c_write      (abs)        000000
__size_of_init           (abs)        000000
__size_of_main           (abs)        000000
__size_of_serial_baud    (abs)        000000
__size_of_serial_init    (abs)        000000
__size_of_serial_write   (abs)        000000
__size_of_timeout        (abs)        000000
__size_of_timer_reset    (abs)        000000
__size_of_timer_start    (abs)        000000
__size_of_timer_stop     (abs)        000000
__smallconst             smallconst   000000
_cnt0                    bssCOMRAM    00004A
_error                   bssCOMRAM    000055
_i2c_read                text12       00071C
_i2c_write               text11       000850
_init                    text8        000FB2
_main                    text0        000012
_main$1218               cstackBANK0  000086
_main$1219               cstackBANK0  000089
_out                     bssCOMRAM    00004E
_serial_baud             text10       000C28
_serial_init             text9        001258
_serial_write            text6        0010CC
_time                    bssCOMRAM    000052
_timeout                 text7        00107A
_timer_reset             text5        001246
_timer_start             text4        001268
_timer_stop              text1        001112
btemp                    temp         00005A
end_of_initialization    cinit        0011EE
i2c_read@addr            cstackCOMRAM 000010
i2c_read@ans             cstackCOMRAM 00001A
i2c_read@cnt             cstackCOMRAM 00001B
i2c_read@data            cstackCOMRAM 000012
i2c_read@num             cstackCOMRAM 000014
i2c_write@addr           cstackCOMRAM 000010
i2c_write@ans            cstackCOMRAM 00001A
i2c_write@cnt            cstackCOMRAM 00001B
i2c_write@data           cstackCOMRAM 000012
i2c_write@num            cstackCOMRAM 000014
i2c_write@start          cstackCOMRAM 000015
i2c_write@stop           cstackCOMRAM 000016
int$flags                temp         00005A
int_func                 intcode_body 000D94
intlevel0                text         000000
intlevel1                text         000000
intlevel2                text         000000
intlevel3                text         000000
main@F3044               dataCOMRAM   000059
main@F3046               bssCOMRAM    000057
main@F3048               dataCOMRAM   000058
main@JYRO                cstackBANK0  000094
main@J_deg               cstackBANK0  000099
main@Jyro                cstackBANK0  000080
main@MAE                 cstackBANK0  000096
main@R_data              cstackBANK0  0000A0
main@W_data              cstackBANK0  00009C
main@W_data2             cstackBANK0  000091
main@before              cstackBANK0  00008C
main@cnt                 cstackBANK0  000083
main@deg                 cstackBANK0  00009D
main@jyro                cstackBANK0  000092
main@tmp                 cstackBANK0  000085
main@turn_value          cstackBANK0  00008F
serial_baud@baudrate     cstackCOMRAM 00000F
serial_write@result      cstackCOMRAM 000014
serial_write@sendData    cstackCOMRAM 000010
stackhi                  (abs)        0005FF
stacklo                  (abs)        0000A1
start                    init         00000E
start_initialization     cinit        0011CA
timeout@time             bssCOMRAM    000046
timeout@v                cstackCOMRAM 00000F


FUNCTION INFORMATION:

 *************** function _main *****************
 Defined at:
		line 230 in file "../my_master.c"
 Parameters:    Size  Location     Type
		None
 Auto vars:     Size  Location     Type
  deg             3   29[BANK0 ] float 
  J_deg           3   25[BANK0 ] float 
  MAE             3   22[BANK0 ] float 
  before          3   12[BANK0 ] float 
  Jyro            3    0[BANK0 ] float 
  JYRO            2   20[BANK0 ] int 
  jyro            2   18[BANK0 ] int 
  turn_value      2   15[BANK0 ] int 
  cnt             2    3[BANK0 ] int 
  R_data          1   32[BANK0 ] unsigned char [1]
  W_data          1   28[BANK0 ] unsigned char [1]
  W_data2         1   17[BANK0 ] unsigned char [1]
  tmp             1    5[BANK0 ] unsigned char 
 Return value:  Size  Location     Type
                  1    wreg      void 
 Registers used:
		wreg, fsr2l, fsr2h, status,2, status,0, prodl, prodh, cstack
 Tracked objects:
		On entry : 
		On exit  : 
		Unchanged: 
 Data sizes:     COMRAM   BANK0   BANK1   BANK2   BANK3   BANK4   BANK5
      Params:         0       0       0       0       0       0       0
      Locals:         0      33       0       0       0       0       0
      Temps:          2       0       0       0       0       0       0
      Totals:         2      33       0       0       0       0       0
Total ram usage:       35 bytes
 Hardware stack levels required when called:    4
 This function calls:
		___awdiv
		___awtoft
		___ftadd
		___ftdiv
		___ftge
		___ftmul
		___ftneg
		___ftsub
		___fttol
		___wmul
		_i2c_read
		_i2c_write
		_init
		_serial_write
		_timer_reset
		_timer_start
		_timer_stop
 This function is called by:
		Startup code after reset
 This function uses a non-reentrant model


 *************** function _timer_stop *****************
 Defined at:
		line 83 in file "../my_master.c"
 Parameters:    Size  Location     Type
		None
 Auto vars:     Size  Location     Type
		None
 Return value:  Size  Location     Type
                  1    wreg      void 
 Registers used:
		wreg, status,2, status,0, cstack
 Tracked objects:
		On entry : 
		On exit  : 
		Unchanged: 
 Data sizes:     COMRAM   BANK0   BANK1   BANK2   BANK3   BANK4   BANK5
      Params:         0       0       0       0       0       0       0
      Locals:         0       0       0       0       0       0       0
      Temps:          0       0       0       0       0       0       0
      Totals:         0       0       0       0       0       0       0
Total ram usage:        0 bytes
 Hardware stack levels used:    1
 Hardware stack levels required when called:    3
 This function calls:
		___altoft
		___ftmul
 This function is called by:
		_main
 This function uses a non-reentrant model


 *************** function ___ftmul *****************
 Defined at:
		line 62 in file "C:\Program Files (x86)\Microchip\xc8\v1.41\sources\common\ftmul.c"
 Parameters:    Size  Location     Type
  f1              3   37[COMRAM] float 
  f2              3   40[COMRAM] float 
 Auto vars:     Size  Location     Type
  f3_as_produc    3   47[COMRAM] unsigned um
  sign            1   51[COMRAM] unsigned char 
  cntr            1   50[COMRAM] unsigned char 
  exp             1   46[COMRAM] unsigned char 
 Return value:  Size  Location     Type
                  3   37[COMRAM] float 
 Registers used:
		wreg, status,2, status,0, cstack
 Tracked objects:
		On entry : 
		On exit  : 
		Unchanged: 
 Data sizes:     COMRAM   BANK0   BANK1   BANK2   BANK3   BANK4   BANK5
      Params:         6       0       0       0       0       0       0
      Locals:         6       0       0       0       0       0       0
      Temps:          3       0       0       0       0       0       0
      Totals:        15       0       0       0       0       0       0
Total ram usage:       15 bytes
 Hardware stack levels used:    1
 Hardware stack levels required when called:    2
 This function calls:
		___ftpack
 This function is called by:
		_timer_stop
		_main
 This function uses a non-reentrant model


 *************** function ___altoft *****************
 Defined at:
		line 42 in file "C:\Program Files (x86)\Microchip\xc8\v1.41\sources\common\altoft.c"
 Parameters:    Size  Location     Type
  c               4   22[COMRAM] long 
 Auto vars:     Size  Location     Type
  sign            1   31[COMRAM] unsigned char 
  exp             1   30[COMRAM] unsigned char 
 Return value:  Size  Location     Type
                  3   22[COMRAM] float 
 Registers used:
		wreg, status,2, status,0, cstack
 Tracked objects:
		On entry : 
		On exit  : 
		Unchanged: 
 Data sizes:     COMRAM   BANK0   BANK1   BANK2   BANK3   BANK4   BANK5
      Params:         4       0       0       0       0       0       0
      Locals:         2       0       0       0       0       0       0
      Temps:          4       0       0       0       0       0       0
      Totals:        10       0       0       0       0       0       0
Total ram usage:       10 bytes
 Hardware stack levels used:    1
 Hardware stack levels required when called:    2
 This function calls:
		___ftpack
 This function is called by:
		_timer_stop
 This function uses a non-reentrant model


 *************** function _timer_start *****************
 Defined at:
		line 77 in file "../my_master.c"
 Parameters:    Size  Location     Type
		None
 Auto vars:     Size  Location     Type
		None
 Return value:  Size  Location     Type
                  1    wreg      void 
 Registers used:
		wreg, status,2
 Tracked objects:
		On entry : 
		On exit  : 
		Unchanged: 
 Data sizes:     COMRAM   BANK0   BANK1   BANK2   BANK3   BANK4   BANK5
      Params:         0       0       0       0       0       0       0
      Locals:         0       0       0       0       0       0       0
      Temps:          0       0       0       0       0       0       0
      Totals:         0       0       0       0       0       0       0
Total ram usage:        0 bytes
 Hardware stack levels used:    1
 Hardware stack levels required when called:    1
 This function calls:
		Nothing
 This function is called by:
		_main
 This function uses a non-reentrant model


 *************** function _timer_reset *****************
 Defined at:
		line 88 in file "../my_master.c"
 Parameters:    Size  Location     Type
		None
 Auto vars:     Size  Location     Type
		None
 Return value:  Size  Location     Type
                  1    wreg      void 
 Registers used:
		wreg, status,2
 Tracked objects:
		On entry : 
		On exit  : 
		Unchanged: 
 Data sizes:     COMRAM   BANK0   BANK1   BANK2   BANK3   BANK4   BANK5
      Params:         0       0       0       0       0       0       0
      Locals:         0       0       0       0       0       0       0
      Temps:          0       0       0       0       0       0       0
      Totals:         0       0       0       0       0       0       0
Total ram usage:        0 bytes
 Hardware stack levels used:    1
 Hardware stack levels required when called:    1
 This function calls:
		Nothing
 This function is called by:
		_main
 This function uses a non-reentrant model


 *************** function _serial_write *****************
 Defined at:
		line 73 in file "../serial.c"
 Parameters:    Size  Location     Type
  sendData        2   15[COMRAM] int 
 Auto vars:     Size  Location     Type
  result          2   19[COMRAM] int 
 Return value:  Size  Location     Type
                  2   15[COMRAM] int 
 Registers used:
		wreg, status,2, status,0, cstack
 Tracked objects:
		On entry : 
		On exit  : 
		Unchanged: 
 Data sizes:     COMRAM   BANK0   BANK1   BANK2   BANK3   BANK4   BANK5
      Params:         2       0       0       0       0       0       0
      Locals:         2       0       0       0       0       0       0
      Temps:          2       0       0       0       0       0       0
      Totals:         6       0       0       0       0       0       0
Total ram usage:        6 bytes
 Hardware stack levels used:    1
 Hardware stack levels required when called:    2
 This function calls:
		_timeout
 This function is called by:
		_main
 This function uses a non-reentrant model


 *************** function _timeout *****************
 Defined at:
		line 7 in file "../serial.c"
 Parameters:    Size  Location     Type
  v               1    wreg     unsigned char 
 Auto vars:     Size  Location     Type
  v               1   14[COMRAM] unsigned char 
 Return value:  Size  Location     Type
                  1    wreg      unsigned char 
 Registers used:
		wreg, status,2, status,0
 Tracked objects:
		On entry : 
		On exit  : 
		Unchanged: 
 Data sizes:     COMRAM   BANK0   BANK1   BANK2   BANK3   BANK4   BANK5
      Params:         0       0       0       0       0       0       0
      Locals:         1       0       0       0       0       0       0
      Temps:          0       0       0       0       0       0       0
      Totals:         1       0       0       0       0       0       0
Total ram usage:        1 bytes
 Hardware stack levels used:    1
 Hardware stack levels required when called:    1
 This function calls:
		Nothing
 This function is called by:
		_serial_write
 This function uses a non-reentrant model


 *************** function _init *****************
 Defined at:
		line 206 in file "../my_master.c"
 Parameters:    Size  Location     Type
		None
 Auto vars:     Size  Location     Type
		None
 Return value:  Size  Location     Type
                  1    wreg      void 
 Registers used:
		wreg, status,2, status,0, cstack
 Tracked objects:
		On entry : 
		On exit  : 
		Unchanged: 
 Data sizes:     COMRAM   BANK0   BANK1   BANK2   BANK3   BANK4   BANK5
      Params:         0       0       0       0       0       0       0
      Locals:         0       0       0       0       0       0       0
      Temps:          0       0       0       0       0       0       0
      Totals:         0       0       0       0       0       0       0
Total ram usage:        0 bytes
 Hardware stack levels used:    1
 Hardware stack levels required when called:    2
 This function calls:
		_serial_baud
		_serial_init
 This function is called by:
		_main
 This function uses a non-reentrant model


 *************** function _serial_init *****************
 Defined at:
		line 27 in file "../serial.c"
 Parameters:    Size  Location     Type
		None
 Auto vars:     Size  Location     Type
		None
 Return value:  Size  Location     Type
                  1    wreg      void 
 Registers used:
		wreg, status,2
 Tracked objects:
		On entry : 
		On exit  : 
		Unchanged: 
 Data sizes:     COMRAM   BANK0   BANK1   BANK2   BANK3   BANK4   BANK5
      Params:         0       0       0       0       0       0       0
      Locals:         0       0       0       0       0       0       0
      Temps:          0       0       0       0       0       0       0
      Totals:         0       0       0       0       0       0       0
Total ram usage:        0 bytes
 Hardware stack levels used:    1
 Hardware stack levels required when called:    1
 This function calls:
		Nothing
 This function is called by:
		_init
 This function uses a non-reentrant model


 *************** function _serial_baud *****************
 Defined at:
		line 37 in file "../serial.c"
 Parameters:    Size  Location     Type
  baudrate        4   14[COMRAM] unsigned long 
 Auto vars:     Size  Location     Type
		None
 Return value:  Size  Location     Type
                  1    wreg      void 
 Registers used:
		wreg, status,2, status,0
 Tracked objects:
		On entry : 
		On exit  : 
		Unchanged: 
 Data sizes:     COMRAM   BANK0   BANK1   BANK2   BANK3   BANK4   BANK5
      Params:         4       0       0       0       0       0       0
      Locals:         0       0       0       0       0       0       0
      Temps:          4       0       0       0       0       0       0
      Totals:         8       0       0       0       0       0       0
Total ram usage:        8 bytes
 Hardware stack levels used:    1
 Hardware stack levels required when called:    1
 This function calls:
		Nothing
 This function is called by:
		_init
 This function uses a non-reentrant model


 *************** function _i2c_write *****************
 Defined at:
		line 104 in file "../my_master.c"
 Parameters:    Size  Location     Type
  addr            2   15[COMRAM] int 
  data            2   17[COMRAM] PTR unsigned char 
		 -> main@W_data2(1), main@W_data(1), 
  num             1   19[COMRAM] unsigned char 
  start           1   20[COMRAM] unsigned char 
  stop            1   21[COMRAM] unsigned char 
 Auto vars:     Size  Location     Type
  cnt             2   26[COMRAM] int 
  ans             1   25[COMRAM] unsigned char 
 Return value:  Size  Location     Type
                  1    wreg      void 
 Registers used:
		wreg, fsr2l, fsr2h, status,2, status,0, cstack
 Tracked objects:
		On entry : 
		On exit  : 
		Unchanged: 
 Data sizes:     COMRAM   BANK0   BANK1   BANK2   BANK3   BANK4   BANK5
      Params:         7       0       0       0       0       0       0
      Locals:         3       0       0       0       0       0       0
      Temps:          3       0       0       0       0       0       0
      Totals:        13       0       0       0       0       0       0
Total ram usage:       13 bytes
 Hardware stack levels used:    1
 Hardware stack levels required when called:    2
 This function calls:
		_Timeout
 This function is called by:
		_main
 This function uses a non-reentrant model


 *************** function _i2c_read *****************
 Defined at:
		line 154 in file "../my_master.c"
 Parameters:    Size  Location     Type
  addr            2   15[COMRAM] int 
  data            2   17[COMRAM] PTR unsigned char 
		 -> main@R_data(1), 
  num             1   19[COMRAM] unsigned char 
 Auto vars:     Size  Location     Type
  cnt             2   26[COMRAM] int 
  ans             1   25[COMRAM] unsigned char 
 Return value:  Size  Location     Type
                  1    wreg      void 
 Registers used:
		wreg, fsr2l, fsr2h, status,2, status,0, cstack
 Tracked objects:
		On entry : 
		On exit  : 
		Unchanged: 
 Data sizes:     COMRAM   BANK0   BANK1   BANK2   BANK3   BANK4   BANK5
      Params:         5       0       0       0       0       0       0
      Locals:         3       0       0       0       0       0       0
      Temps:          5       0       0       0       0       0       0
      Totals:        13       0       0       0       0       0       0
Total ram usage:       13 bytes
 Hardware stack levels used:    1
 Hardware stack levels required when called:    2
 This function calls:
		_Timeout
 This function is called by:
		_main
 This function uses a non-reentrant model


 *************** function _Timeout *****************
 Defined at:
		line 92 in file "../my_master.c"
 Parameters:    Size  Location     Type
  a               1    wreg     unsigned char 
 Auto vars:     Size  Location     Type
  a               1   14[COMRAM] unsigned char 
 Return value:  Size  Location     Type
                  1    wreg      unsigned char 
 Registers used:
		wreg, status,2, status,0
 Tracked objects:
		On entry : 
		On exit  : 
		Unchanged: 
 Data sizes:     COMRAM   BANK0   BANK1   BANK2   BANK3   BANK4   BANK5
      Params:         0       0       0       0       0       0       0
      Locals:         1       0       0       0       0       0       0
      Temps:          0       0       0       0       0       0       0
      Totals:         1       0       0       0       0       0       0
Total ram usage:        1 bytes
 Hardware stack levels used:    1
 Hardware stack levels required when called:    1
 This function calls:
		Nothing
 This function is called by:
		_i2c_write
		_i2c_read
 This function uses a non-reentrant model


 *************** function ___wmul *****************
 Defined at:
		line 15 in file "C:\Program Files (x86)\Microchip\xc8\v1.41\sources\common\Umul16.c"
 Parameters:    Size  Location     Type
  multiplier      2   14[COMRAM] unsigned int 
  multiplicand    2   16[COMRAM] unsigned int 
 Auto vars:     Size  Location     Type
  product         2   18[COMRAM] unsigned int 
 Return value:  Size  Location     Type
                  2   14[COMRAM] unsigned int 
 Registers used:
		wreg, status,2, status,0, prodl, prodh
 Tracked objects:
		On entry : 
		On exit  : 
		Unchanged: 
 Data sizes:     COMRAM   BANK0   BANK1   BANK2   BANK3   BANK4   BANK5
      Params:         4       0       0       0       0       0       0
      Locals:         2       0       0       0       0       0       0
      Temps:          0       0       0       0       0       0       0
      Totals:         6       0       0       0       0       0       0
Total ram usage:        6 bytes
 Hardware stack levels used:    1
 Hardware stack levels required when called:    1
 This function calls:
		Nothing
 This function is called by:
		_main
 This function uses a non-reentrant model


 *************** function ___fttol *****************
 Defined at:
		line 44 in file "C:\Program Files (x86)\Microchip\xc8\v1.41\sources\common\fttol.c"
 Parameters:    Size  Location     Type
  f1              3   14[COMRAM] float 
 Auto vars:     Size  Location     Type
  lval            4   24[COMRAM] unsigned long 
  exp1            1   28[COMRAM] unsigned char 
  sign1           1   23[COMRAM] unsigned char 
 Return value:  Size  Location     Type
                  4   14[COMRAM] long 
 Registers used:
		wreg, status,2, status,0
 Tracked objects:
		On entry : 
		On exit  : 
		Unchanged: 
 Data sizes:     COMRAM   BANK0   BANK1   BANK2   BANK3   BANK4   BANK5
      Params:         4       0       0       0       0       0       0
      Locals:         6       0       0       0       0       0       0
      Temps:          5       0       0       0       0       0       0
      Totals:        15       0       0       0       0       0       0
Total ram usage:       15 bytes
 Hardware stack levels used:    1
 Hardware stack levels required when called:    1
 This function calls:
		Nothing
 This function is called by:
		_main
 This function uses a non-reentrant model


 *************** function ___ftsub *****************
 Defined at:
		line 20 in file "C:\Program Files (x86)\Microchip\xc8\v1.41\sources\common\ftsub.c"
 Parameters:    Size  Location     Type
  f1              3   37[COMRAM] float 
  f2              3   40[COMRAM] float 
 Auto vars:     Size  Location     Type
		None
 Return value:  Size  Location     Type
                  3   37[COMRAM] float 
 Registers used:
		wreg, status,2, status,0, cstack
 Tracked objects:
		On entry : 
		On exit  : 
		Unchanged: 
 Data sizes:     COMRAM   BANK0   BANK1   BANK2   BANK3   BANK4   BANK5
      Params:         6       0       0       0       0       0       0
      Locals:         0       0       0       0       0       0       0
      Temps:          0       0       0       0       0       0       0
      Totals:         6       0       0       0       0       0       0
Total ram usage:        6 bytes
 Hardware stack levels used:    1
 Hardware stack levels required when called:    3
 This function calls:
		___ftadd
 This function is called by:
		_main
 This function uses a non-reentrant model


 *************** function ___ftadd *****************
 Defined at:
		line 86 in file "C:\Program Files (x86)\Microchip\xc8\v1.41\sources\common\ftadd.c"
 Parameters:    Size  Location     Type
  f1              3   25[COMRAM] float 
  f2              3   28[COMRAM] float 
 Auto vars:     Size  Location     Type
  exp1            1   36[COMRAM] unsigned char 
  exp2            1   35[COMRAM] unsigned char 
  sign            1   34[COMRAM] unsigned char 
 Return value:  Size  Location     Type
                  3   25[COMRAM] float 
 Registers used:
		wreg, status,2, status,0, cstack
 Tracked objects:
		On entry : 
		On exit  : 
		Unchanged: 
 Data sizes:     COMRAM   BANK0   BANK1   BANK2   BANK3   BANK4   BANK5
      Params:         6       0       0       0       0       0       0
      Locals:         3       0       0       0       0       0       0
      Temps:          3       0       0       0       0       0       0
      Totals:        12       0       0       0       0       0       0
Total ram usage:       12 bytes
 Hardware stack levels used:    1
 Hardware stack levels required when called:    2
 This function calls:
		___ftpack
 This function is called by:
		_main
		___ftsub
 This function uses a non-reentrant model


 *************** function ___ftneg *****************
 Defined at:
		line 15 in file "C:\Program Files (x86)\Microchip\xc8\v1.41\sources\common\ftneg.c"
 Parameters:    Size  Location     Type
  f1              3   22[COMRAM] float 
 Auto vars:     Size  Location     Type
		None
 Return value:  Size  Location     Type
                  3   22[COMRAM] float 
 Registers used:
		wreg, status,2, status,0
 Tracked objects:
		On entry : 
		On exit  : 
		Unchanged: 
 Data sizes:     COMRAM   BANK0   BANK1   BANK2   BANK3   BANK4   BANK5
      Params:         3       0       0       0       0       0       0
      Locals:         0       0       0       0       0       0       0
      Temps:          0       0       0       0       0       0       0
      Totals:         3       0       0       0       0       0       0
Total ram usage:        3 bytes
 Hardware stack levels used:    1
 Hardware stack levels required when called:    1
 This function calls:
		Nothing
 This function is called by:
		_main
 This function uses a non-reentrant model


 *************** function ___ftge *****************
 Defined at:
		line 4 in file "C:\Program Files (x86)\Microchip\xc8\v1.41\sources\common\ftge.c"
 Parameters:    Size  Location     Type
  ff1             3   37[COMRAM] float 
  ff2             3   40[COMRAM] float 
 Auto vars:     Size  Location     Type
		None
 Return value:  Size  Location     Type
		None               void
 Registers used:
		wreg, status,2, status,0
 Tracked objects:
		On entry : 
		On exit  : 
		Unchanged: 
 Data sizes:     COMRAM   BANK0   BANK1   BANK2   BANK3   BANK4   BANK5
      Params:         6       0       0       0       0       0       0
      Locals:         0       0       0       0       0       0       0
      Temps:          3       0       0       0       0       0       0
      Totals:         9       0       0       0       0       0       0
Total ram usage:        9 bytes
 Hardware stack levels used:    1
 Hardware stack levels required when called:    1
 This function calls:
		Nothing
 This function is called by:
		_main
 This function uses a non-reentrant model


 *************** function ___ftdiv *****************
 Defined at:
		line 54 in file "C:\Program Files (x86)\Microchip\xc8\v1.41\sources\common\ftdiv.c"
 Parameters:    Size  Location     Type
  f1              3   52[COMRAM] float 
  f2              3   55[COMRAM] float 
 Auto vars:     Size  Location     Type
  f3              3   62[COMRAM] float 
  sign            1   66[COMRAM] unsigned char 
  exp             1   65[COMRAM] unsigned char 
  cntr            1   61[COMRAM] unsigned char 
 Return value:  Size  Location     Type
                  3   52[COMRAM] float 
 Registers used:
		wreg, status,2, status,0, cstack
 Tracked objects:
		On entry : 
		On exit  : 
		Unchanged: 
 Data sizes:     COMRAM   BANK0   BANK1   BANK2   BANK3   BANK4   BANK5
      Params:         6       0       0       0       0       0       0
      Locals:         6       0       0       0       0       0       0
      Temps:          3       0       0       0       0       0       0
      Totals:        15       0       0       0       0       0       0
Total ram usage:       15 bytes
 Hardware stack levels used:    1
 Hardware stack levels required when called:    2
 This function calls:
		___ftpack
 This function is called by:
		_main
 This function uses a non-reentrant model


 *************** function ___awtoft *****************
 Defined at:
		line 32 in file "C:\Program Files (x86)\Microchip\xc8\v1.41\sources\common\awtoft.c"
 Parameters:    Size  Location     Type
  c               2   22[COMRAM] int 
 Auto vars:     Size  Location     Type
  sign            1   25[COMRAM] unsigned char 
 Return value:  Size  Location     Type
                  3   22[COMRAM] float 
 Registers used:
		wreg, status,2, status,0, cstack
 Tracked objects:
		On entry : 
		On exit  : 
		Unchanged: 
 Data sizes:     COMRAM   BANK0   BANK1   BANK2   BANK3   BANK4   BANK5
      Params:         3       0       0       0       0       0       0
      Locals:         1       0       0       0       0       0       0
      Temps:          0       0       0       0       0       0       0
      Totals:         4       0       0       0       0       0       0
Total ram usage:        4 bytes
 Hardware stack levels used:    1
 Hardware stack levels required when called:    2
 This function calls:
		___ftpack
 This function is called by:
		_main
 This function uses a non-reentrant model


 *************** function ___ftpack *****************
 Defined at:
		line 62 in file "C:\Program Files (x86)\Microchip\xc8\v1.41\sources\common\float.c"
 Parameters:    Size  Location     Type
  arg             3   14[COMRAM] unsigned um
  exp             1   17[COMRAM] unsigned char 
  sign            1   18[COMRAM] unsigned char 
 Auto vars:     Size  Location     Type
		None
 Return value:  Size  Location     Type
                  3   14[COMRAM] float 
 Registers used:
		wreg, status,2, status,0
 Tracked objects:
		On entry : 
		On exit  : 
		Unchanged: 
 Data sizes:     COMRAM   BANK0   BANK1   BANK2   BANK3   BANK4   BANK5
      Params:         5       0       0       0       0       0       0
      Locals:         0       0       0       0       0       0       0
      Temps:          3       0       0       0       0       0       0
      Totals:         8       0       0       0       0       0       0
Total ram usage:        8 bytes
 Hardware stack levels used:    1
 Hardware stack levels required when called:    1
 This function calls:
		Nothing
 This function is called by:
		___altoft
		___awtoft
		___ftadd
		___ftdiv
		___ftmul
 This function uses a non-reentrant model


 *************** function ___awdiv *****************
 Defined at:
		line 8 in file "C:\Program Files (x86)\Microchip\xc8\v1.41\sources\common\awdiv.c"
 Parameters:    Size  Location     Type
  dividend        2   29[COMRAM] int 
  divisor         2   31[COMRAM] int 
 Auto vars:     Size  Location     Type
  quotient        2   35[COMRAM] int 
  sign            1   34[COMRAM] unsigned char 
  counter         1   33[COMRAM] unsigned char 
 Return value:  Size  Location     Type
                  2   29[COMRAM] int 
 Registers used:
		wreg, status,2, status,0
 Tracked objects:
		On entry : 
		On exit  : 
		Unchanged: 
 Data sizes:     COMRAM   BANK0   BANK1   BANK2   BANK3   BANK4   BANK5
      Params:         4       0       0       0       0       0       0
      Locals:         4       0       0       0       0       0       0
      Temps:          0       0       0       0       0       0       0
      Totals:         8       0       0       0       0       0       0
Total ram usage:        8 bytes
 Hardware stack levels used:    1
 Hardware stack levels required when called:    1
 This function calls:
		Nothing
 This function is called by:
		_main
 This function uses a non-reentrant model


 *************** function _Timer0 *****************
 Defined at:
		line 67 in file "../my_master.c"
 Parameters:    Size  Location     Type
		None
 Auto vars:     Size  Location     Type
		None
 Return value:  Size  Location     Type
                  1    wreg      void 
 Registers used:
		wreg, status,2, status,0
 Tracked objects:
		On entry : 
		On exit  : 
		Unchanged: 
 Data sizes:     COMRAM   BANK0   BANK1   BANK2   BANK3   BANK4   BANK5
      Params:         0       0       0       0       0       0       0
      Locals:         0       0       0       0       0       0       0
      Temps:         14       0       0       0       0       0       0
      Totals:        14       0       0       0       0       0       0
Total ram usage:       14 bytes
 Hardware stack levels used:    1
 This function calls:
		Nothing
 This function is called by:
		Interrupt level 2
 This function uses a non-reentrant model



MODULE INFORMATION

Module		Function		Class		Link	Load	Size
C:\Program Files (x86)\Microchip\xc8\v1.41\sources\common\awdiv.c
		___awdiv       		CODE           	0EB6	0000	133

C:\Program Files (x86)\Microchip\xc8\v1.41\sources\common\awdiv.c estimated size: 133

../serial.c
		_timeout       		CODE           	107A	0000	83
		_serial_baud   		CODE           	0C28	0000	191
		_serial_init   		CODE           	1258	0000	17
		_serial_write  		CODE           	10CC	0000	71

../serial.c estimated size: 362

C:\Program Files (x86)\Microchip\xc8\v1.41\sources\common\fttol.c
		___fttol       		CODE           	0A4E	0000	245

C:\Program Files (x86)\Microchip\xc8\v1.41\sources\common\fttol.c estimated size: 245

C:\Program Files (x86)\Microchip\xc8\v1.41\sources\common\Umul16.c
		___wmul        		CODE           	11FC	0000	39

C:\Program Files (x86)\Microchip\xc8\v1.41\sources\common\Umul16.c estimated size: 39

C:\Program Files (x86)\Microchip\xc8\v1.41\sources\common\ftadd.c
		___ftadd       		CODE           	0570	0000	429

C:\Program Files (x86)\Microchip\xc8\v1.41\sources\common\ftadd.c estimated size: 429

C:\Program Files (x86)\Microchip\xc8\v1.41\sources\common\ftge.c
		___ftge        		CODE           	0E26	0000	145

C:\Program Files (x86)\Microchip\xc8\v1.41\sources\common\ftge.c estimated size: 145

../my_master.c
		_init          		CODE           	0FB2	0000	109
		_main          		CODE           	0012	0000	1375
		_timer_stop    		CODE           	1112	0000	65
		_timer_start   		CODE           	1268	0000	13
		_i2c_write     		CODE           	0850	0000	267
		_timer_reset   		CODE           	1246	0000	19
		_Timer0        		CODE           	0008	0000	153
		_Timeout       		CODE           	101E	0000	93
		_i2c_read      		CODE           	071C	0000	309

../my_master.c estimated size: 2403

C:\Program Files (x86)\Microchip\xc8\v1.41\sources\common\ftneg.c
		___ftneg       		CODE           	1222	0000	37

C:\Program Files (x86)\Microchip\xc8\v1.41\sources\common\ftneg.c estimated size: 37

C:\Program Files (x86)\Microchip\xc8\v1.41\sources\common\ftsub.c
		___ftsub       		CODE           	1152	0000	65

C:\Program Files (x86)\Microchip\xc8\v1.41\sources\common\ftsub.c estimated size: 65

C:\Program Files (x86)\Microchip\xc8\v1.41\sources\common\float.c
		___ftpack      		CODE           	0CE6	0000	175

C:\Program Files (x86)\Microchip\xc8\v1.41\sources\common\float.c estimated size: 175

shared
		__initialization		CODE           	11CA	0000	37

shared estimated size: 37

C:\Program Files (x86)\Microchip\xc8\v1.41\sources\common\awtoft.c
		___awtoft      		CODE           	1192	0000	57

C:\Program Files (x86)\Microchip\xc8\v1.41\sources\common\awtoft.c estimated size: 57

C:\Program Files (x86)\Microchip\xc8\v1.41\sources\common\altoft.c
		___altoft      		CODE           	0F3A	0000	121

C:\Program Files (x86)\Microchip\xc8\v1.41\sources\common\altoft.c estimated size: 121

C:\Program Files (x86)\Microchip\xc8\v1.41\sources\common\ftmul.c
		___ftmul       		CODE           	095A	0000	245

C:\Program Files (x86)\Microchip\xc8\v1.41\sources\common\ftmul.c estimated size: 245

C:\Program Files (x86)\Microchip\xc8\v1.41\sources\common\ftdiv.c
		___ftdiv       		CODE           	0B42	0000	231

C:\Program Files (x86)\Microchip\xc8\v1.41\sources\common\ftdiv.c estimated size: 231

